I'm sorry, but errors were detected in your script. Please correct the
errors listed below, and try again.


File "game/script.rpy", line 2: expected statement.
    window_width = 0 
                 ^

File "game/script.rpy", line 3: expected statement.
    window_height = 0
                  ^

Ren'Py Version: Ren'Py 8.3.8.25042801+nightly
Tue May 27 00:00:52 2025
